[sunflower-farmers.com/index.html]
[rsms.me/inter/inter.0.delayed]
[unpkg.com/tailwindcss@^2/dist/tailwind.min.1.delayed]
[backblue.gif]
[fade.gif]
[index.html]
[sunflower-farmers.com/assets/index.60c0e04a.js]
[external.html]
[sunflower-farmers.com/assets/vendor.09527561.js]
[sunflower-farmers.com/assets/background2.7b13731c.png]
[sunflower-farmers.com/assets/plants.f010dd47.png]
[sunflower-farmers.com/assets/Soil.ccc4b087.png]
[unpkg.com/tailwindcss@2.2.19/dist/tailwind.min.css]
[sunflower-farmers.com/assets/watering.d848222a.gif]
[sunflower-farmers.com/assets/crafting_menu.58150ac4.png]
[sunflower-farmers.com/play/index.html]
[sunflower-farmers.com/assets/spinning_flower.610cdcac.gif]
[sunflower-farmers.com/assets/resources.c5ac5446.png]
[sunflower-farmers.com/assets/mining.f549b70b.gif]
[sunflower-farmers.com/assets/Adam.ea5e70b9.png]
[sunflower-farmers.com/assets/Romy.bfa4b5ec.jpg]
[sunflower-farmers.com/assets/spencer.bd3d35b2.jpg]
[sunflower-farmers.com/assets/znarf.aab47503.png]
[sunflower-farmers.com/assets/Victoria.c6344690.png]
[sunflower-farmers.com/index.html]
[rsms.me/inter/inter.html]
[unpkg.com/tailwindcss@2.2.19/dist/tailwind.min.css]
[sunflower-farmers.com/play/brand/icon.png]
[sunflower-farmers.com/play/manifest.json]
[sunflower-farmers.com/play/static/css/2.963765e0.chunk.css]
[sunflower-farmers.com/play/static/css/main.16e1e382.chunk.css]
[sunflower-farmers.com/play/index.html]
[sunflower-farmers.com/play/static/css/2.963765e0.chunk.css]
[sunflower-farmers.com/play/static/css/main.16e1e382.chunk.css]
[sunflower-farmers.com/play/static/js/main.99f2dc88.chunk.js]
[sunflower-farmers.com/play/static/js/2.a1e2011b.chunk.js]
